Circuit: * C:\Users\niakan\SynologyDrive\Drive\Hackaton\Modèle-LTSPICE\Modèle-LTSPICE_03_02_2026\Modèle-LTSPICE\Hackathon_Si_Losses_full.asc

WARNING: Less than two connections to node energy.  This node is used by b1.
WARNING: Less than two connections to node power.  This node is used by b2.
WARNING: Less than two connections to node energy_alime.  This node is used by b3.
WARNING: Less than two connections to node power_alime.  This node is used by b4.
WARNING: Less than two connections to node energy_mos.  This node is used by b5.
WARNING: Less than two connections to node power_mos.  This node is used by b6.
Direct Newton iteration for .op point succeeded.
Heightened Def Con from 1.1252e-14 to 3.12609e-11

power_alim_avg: AVG(v(power_alime))=0.872175 FROM 0.0002 TO 0.0004
current_avg: AVG(i(vsense1))=0.0145724 FROM 0.0002 TO 0.0004


Date: Tue Feb  3 12:22:00 2026
Total elapsed time: 29.412 seconds.

tnom = 27
temp = 27
method = trap
totiter = 892016
traniter = 892001
tranpoints = 421166
accept = 415371
rejected = 5796
matrix size = 82
fillins = 48
solver = Normal
Avg thread counts: 1.0/1.0/1.0/1.0
Matrix Compiler1: 5.78 KB object code size  2.6/1.4/[0.9]
Matrix Compiler2: 6.88 KB object code size  1.2/2.6/[0.6]

